// Jest Snapshot v1, https://goo.gl/fbAQLP

exports[`Post renders correctly 1`] = `
<div
  className="post"
>
  <a
    className="post__home-button"
    href="/"
  >
    All Articles
  </a>
  <div
    className="post__content"
  >
    <div
      className="content"
    >
      <div
        className="content__header"
      >
        <h1
          className="content__title"
        >
          test
        </h1>
        <div
          className="content__author"
        >
          Test name
          <span
            className="content__bar"
          />
          2016년 9월 1일
        </div>
      </div>
      <div
        className="adfit content_adfit"
      >
        <div
          className="ad_area"
        />
      </div>
      <div
        className="content__body"
        dangerouslySetInnerHTML={
          Object {
            "__html": "<p>test</p>",
          }
        }
      />
    </div>
  </div>
  <div
    className="post__footer"
  >
    <div
      className="meta"
    >
      <p
        className="meta__date"
      >
        Published 
        Sep 1, 2016
      </p>
    </div>
    <div
      className="tags"
    >
      <ul
        className="tags__list"
      >
        <li
          className="tags__list-item"
        >
          <a
            className="tags__list-item-link"
            href="/test_0"
          >
            test_0
          </a>
        </li>
        <li
          className="tags__list-item"
        >
          <a
            className="tags__list-item-link"
            href="/test_1"
          >
            test_1
          </a>
        </li>
      </ul>
    </div>
    <div
      className="author"
    >
      <div
        className="adfit author_adfit"
      >
        <div
          className="ad_area"
        />
      </div>
      <p
        className="author__bio"
      >
        Test bio
        <a
          className="author__bio-twitter"
          href="https://github.com/#"
          rel="noopener noreferrer"
          target="_blank"
        >
          <strong>
            Test name
          </strong>
           on Github
        </a>
      </p>
    </div>
  </div>
  <div
    className="post__comments"
  />
</div>
`;
